array(array('id' => 30, 'name' => 'Jackie Blue', 'age' => 80, 'Prague 678'))
